Archive member included to satisfy reference by file (symbol)

C:\Users\Hp\Documents\Atmel Studio\7.0\ArduinoSketchrfid\ArduinoSketchrfid\ArduinoCore\Debug\libArduinoCore.a(HardwareSerial.o)
                              Sketch.o (_ZN14HardwareSerial5beginEmh)
C:\Users\Hp\Documents\Atmel Studio\7.0\ArduinoSketchrfid\ArduinoSketchrfid\ArduinoCore\Debug\libArduinoCore.a(HardwareSerial0.o)
                              Sketch.o (Serial)
C:\Users\Hp\Documents\Atmel Studio\7.0\ArduinoSketchrfid\ArduinoSketchrfid\ArduinoCore\Debug\libArduinoCore.a(main.o)
                              C:/Program Files (x86)/Atmel/Studio/7.0/Packs/atmel/ATmega_DFP/1.2.209/gcc/dev/atmega2560/avr6/crtatmega2560.o (main)
C:\Users\Hp\Documents\Atmel Studio\7.0\ArduinoSketchrfid\ArduinoSketchrfid\ArduinoCore\Debug\libArduinoCore.a(Print.o)
                              C:\Users\Hp\Documents\Atmel Studio\7.0\ArduinoSketchrfid\ArduinoSketchrfid\ArduinoCore\Debug\libArduinoCore.a(HardwareSerial.o) (_ZN5Print5writeEPKhj)
C:\Users\Hp\Documents\Atmel Studio\7.0\ArduinoSketchrfid\ArduinoSketchrfid\ArduinoCore\Debug\libArduinoCore.a(wiring.o)
                              Sketch.o (delay)
C:\Users\Hp\Documents\Atmel Studio\7.0\ArduinoSketchrfid\ArduinoSketchrfid\ArduinoCore\Debug\libArduinoCore.a(WString.o)
                              Sketch.o (_ZN6StringD1Ev)
C:\Users\Hp\Documents\Atmel Studio\7.0\ArduinoSketchrfid\ArduinoSketchrfid\ArduinoCore\Debug\libArduinoCore.a(MFRC522.o)
                              Sketch.o (_ZN7MFRC52219PICC_ReadCardSerialEv)
C:\Users\Hp\Documents\Atmel Studio\7.0\ArduinoSketchrfid\ArduinoSketchrfid\ArduinoCore\Debug\libArduinoCore.a(SPI.o)
                              Sketch.o (_ZN8SPIClass5beginEv)
C:\Users\Hp\Documents\Atmel Studio\7.0\ArduinoSketchrfid\ArduinoSketchrfid\ArduinoCore\Debug\libArduinoCore.a(abi.o)
                              C:\Users\Hp\Documents\Atmel Studio\7.0\ArduinoSketchrfid\ArduinoSketchrfid\ArduinoCore\Debug\libArduinoCore.a(Print.o) (__cxa_pure_virtual)
C:\Users\Hp\Documents\Atmel Studio\7.0\ArduinoSketchrfid\ArduinoSketchrfid\ArduinoCore\Debug\libArduinoCore.a(hooks.o)
                              C:\Users\Hp\Documents\Atmel Studio\7.0\ArduinoSketchrfid\ArduinoSketchrfid\ArduinoCore\Debug\libArduinoCore.a(wiring.o) (yield)
C:\Users\Hp\Documents\Atmel Studio\7.0\ArduinoSketchrfid\ArduinoSketchrfid\ArduinoCore\Debug\libArduinoCore.a(wiring_digital.o)
                              C:\Users\Hp\Documents\Atmel Studio\7.0\ArduinoSketchrfid\ArduinoSketchrfid\ArduinoCore\Debug\libArduinoCore.a(MFRC522.o) (pinMode)
c:/program files (x86)/atmel/studio/7.0/toolchain/avr8/avr8-gnu-toolchain/bin/../lib/gcc/avr/5.4.0/../../../../avr/lib/avr6\libm.a(addsf3.o)
                              C:\Users\Hp\Documents\Atmel Studio\7.0\ArduinoSketchrfid\ArduinoSketchrfid\ArduinoCore\Debug\libArduinoCore.a(Print.o) (__subsf3)
c:/program files (x86)/atmel/studio/7.0/toolchain/avr8/avr8-gnu-toolchain/bin/../lib/gcc/avr/5.4.0/../../../../avr/lib/avr6\libm.a(addsf3x.o)
                              c:/program files (x86)/atmel/studio/7.0/toolchain/avr8/avr8-gnu-toolchain/bin/../lib/gcc/avr/5.4.0/../../../../avr/lib/avr6\libm.a(addsf3.o) (__addsf3x)
c:/program files (x86)/atmel/studio/7.0/toolchain/avr8/avr8-gnu-toolchain/bin/../lib/gcc/avr/5.4.0/../../../../avr/lib/avr6\libm.a(cmpsf2.o)
                              C:\Users\Hp\Documents\Atmel Studio\7.0\ArduinoSketchrfid\ArduinoSketchrfid\ArduinoCore\Debug\libArduinoCore.a(Print.o) (__ltsf2)
c:/program files (x86)/atmel/studio/7.0/toolchain/avr8/avr8-gnu-toolchain/bin/../lib/gcc/avr/5.4.0/../../../../avr/lib/avr6\libm.a(divsf3.o)
                              C:\Users\Hp\Documents\Atmel Studio\7.0\ArduinoSketchrfid\ArduinoSketchrfid\ArduinoCore\Debug\libArduinoCore.a(Print.o) (__divsf3)
c:/program files (x86)/atmel/studio/7.0/toolchain/avr8/avr8-gnu-toolchain/bin/../lib/gcc/avr/5.4.0/../../../../avr/lib/avr6\libm.a(divsf3x.o)
                              c:/program files (x86)/atmel/studio/7.0/toolchain/avr8/avr8-gnu-toolchain/bin/../lib/gcc/avr/5.4.0/../../../../avr/lib/avr6\libm.a(divsf3.o) (__divsf3x)
c:/program files (x86)/atmel/studio/7.0/toolchain/avr8/avr8-gnu-toolchain/bin/../lib/gcc/avr/5.4.0/../../../../avr/lib/avr6\libm.a(fixunssfsi.o)
                              C:\Users\Hp\Documents\Atmel Studio\7.0\ArduinoSketchrfid\ArduinoSketchrfid\ArduinoCore\Debug\libArduinoCore.a(Print.o) (__fixunssfsi)
c:/program files (x86)/atmel/studio/7.0/toolchain/avr8/avr8-gnu-toolchain/bin/../lib/gcc/avr/5.4.0/../../../../avr/lib/avr6\libm.a(floatsisf.o)
                              C:\Users\Hp\Documents\Atmel Studio\7.0\ArduinoSketchrfid\ArduinoSketchrfid\ArduinoCore\Debug\libArduinoCore.a(Print.o) (__floatunsisf)
c:/program files (x86)/atmel/studio/7.0/toolchain/avr8/avr8-gnu-toolchain/bin/../lib/gcc/avr/5.4.0/../../../../avr/lib/avr6\libm.a(fp_cmp.o)
[...]
Memory Configuration

Name             Origin             Length             Attributes
text             0x00000000         0x00100000         xr
data             0x00800200         0x0000fe00         rw !x
eeprom           0x00810000         0x00010000         rw !x
fuse             0x00820000         0x00000003         rw !x
lock             0x00830000         0x00000400         rw !x
signature        0x00840000         0x00000400         rw !x
user_signatures  0x00850000         0x00000400         rw !x
*default*        0x00000000         0xffffffff

Linker script and memory map

Address of section .data set to 0x800200
LOAD C:/Program Files (x86)/Atmel/Studio/7.0/Packs/atmel/ATmega_DFP/1.2.209/gcc/dev/atmega2560/avr6/crtatmega2560.o
LOAD Sketch.o
START GROUP
LOAD c:/program files (x86)/atmel/studio/7.0/toolchain/avr8/avr8-gnu-toolchain/bin/../lib/gcc/avr/5.4.0/../../../../avr/lib/avr6\libm.a
LOAD C:\Users\Hp\Documents\Atmel Studio\7.0\ArduinoSketchrfid\ArduinoSketchrfid\ArduinoCore\Debug\libArduinoCore.a
END GROUP
LOAD c:/program files (x86)/atmel/studio/7.0/toolchain/avr8/avr8-gnu-toolchain/bin/../lib/gcc/avr/5.4.0/avr6\libgcc.a
LOAD c:/program files (x86)/atmel/studio/7.0/toolchain/avr8/avr8-gnu-toolchain/bin/../lib/gcc/avr/5.4.0/../../../../avr/lib/avr6\libm.a
START GROUP
LOAD c:/program files (x86)/atmel/studio/7.0/toolchain/avr8/avr8-gnu-toolchain/bin/../lib/gcc/avr/5.4.0/avr6\libgcc.a
LOAD c:/program files (x86)/atmel/studio/7.0/toolchain/avr8/avr8-gnu-toolchain/bin/../lib/gcc/avr/5.4.0/../../../../avr/lib/avr6\libm.a
LOAD c:/program files (x86)/atmel/studio/7.0/toolchain/avr8/avr8-gnu-toolchain/bin/../lib/gcc/avr/5.4.0/../../../../avr/lib/avr6\libc.a
LOAD C:/Program Files (x86)/Atmel/Studio/7.0/Packs/atmel/ATmega_DFP/1.2.209/gcc/dev/atmega2560/avr6\libatmega2560.a
END GROUP
                0x00100000                __TEXT_REGION_LENGTH__ = DEFINED (__TEXT_REGION_LENGTH__)?__TEXT_REGION_LENGTH__:0x100000
                0x0000fe00                __DATA_REGION_LENGTH__ = DEFINED (__DATA_REGION_LENGTH__)?__DATA_REGION_LENGTH__:0xfe00
                0x00010000                __EEPROM_REGION_LENGTH__ = DEFINED (__EEPROM_REGION_LENGTH__)?__EEPROM_REGION_LENGTH__:0x10000
                [0x00000003]                __FUSE_REGION_LENGTH__ = DEFINED (__FUSE_REGION_LENGTH__)?__FUSE_REGION_LENGTH__:0x400
                0x00000400                __LOCK_REGION_LENGTH__ = DEFINED (__LOCK_REGION_LENGTH__)?__LOCK_REGION_LENGTH__:0x400
                0x00000400                __SIGNATURE_REGION_LENGTH__ = DEFINED (__SIGNATURE_REGION_LENGTH__)?__SIGNATURE_REGION_LENGTH__:0x400
                0x00000400                __USER_SIGNATURE_REGION_LENGTH__ = DEFINED (__USER_SIGNATURE_REGION_LENGTH__)?__USER_SIGNATURE_REGION_LENGTH__:0x400

.hash
 *(.hash)

.dynsym
 *(.dynsym)

.dynstr
 *(.dynstr)

.gnu.version
 *(.gnu.version)

.gnu.version_d
 *(.gnu.version_d)

.gnu.version_r
 *(.gnu.version_r)

.rel.init
 *(.rel.init)

.rela.init
 *(.rela.init)

.rel.text
 *(.rel.text)
 *(.rel.text.*)
 *(.rel.gnu.linkonce.t*)

.rela.text
 *(.rela.text)
 *(.rela.text.*)
 *(.rela.gnu.linkonce.t*)

.rel.fini
 *(.rel.fini)

.rela.fini
 *(.rela.fini)

.rel.rodata
 *(.rel.rodata)
 *(.rel.rodata.*)
 *(.rel.gnu.linkonce.r*)

.rela.rodata
 *(.rela.rodata)
 *(.rela.rodata.*)
 *(.rela.gnu.linkonce.r*)

.rel.data
 *(.rel.data)
 *(.rel.data.*)
 *(.rel.gnu.linkonce.d*)

.rela.data
 *(.rela.data)
 *(.rela.data.*)
 *(.rela.gnu.linkonce.d*)

.rel.ctors
 *(.rel.ctors)

.rela.ctors
 *(.rela.ctors)

.rel.dtors
 *(.rel.dtors)

.rela.dtors
 *(.rela.dtors)

.rel.got
 *(.rel.got)

.rela.got
 *(.rela.got)

.rel.bss
 *(.rel.bss)

.rela.bss
 *(.rela.bss)

.rel.plt
 *(.rel.plt)

.rela.plt
 *(.rela.plt)

.text           0x00000000     0x22de
 *(.vectors)
 .vectors       0x00000000       0xe4 C:/Program Files (x86)/Atmel/Studio/7.0/Packs/atmel/ATmega_DFP/1.2.209/gcc/dev/atmega2560/avr6/crtatmega2560.o
                0x00000000                __vector_default
                0x00000000                __vectors
 *(.vectors)
 *(.progmem.gcc*)
 .progmem.gcc_sw_table.turnOffPWM
                0x000000e4       0x24 C:\Users\Hp\Documents\Atmel Studio\7.0\ArduinoSketchrfid\ArduinoSketchrfid\ArduinoCore\Debug\libArduinoCore.a(wiring_digital.o)
                0x00000108                . = ALIGN (0x2)
                0x00000108                __trampolines_start = .
 *(.trampolines)
 .trampolines   0x00000108        0x0 linker stubs
 *(.trampolines*)
                0x00000108                __trampolines_end = .
 *libprintf_flt.a:*(.progmem.data)
 *libc.a:*(.progmem.data)
 *(.progmem*)
 .progmem.data.digital_pin_to_timer_PGM
                0x00000108       0x46 C:\Users\Hp\Documents\Atmel Studio\7.0\ArduinoSketchrfid\ArduinoSketchrfid\ArduinoCore\Debug\libArduinoCore.a(wiring_digital.o)
                0x00000108                digital_pin_to_timer_PGM
 .progmem.data.digital_pin_to_bit_mask_PGM
                0x0000014e       0x46 C:\Users\Hp\Documents\Atmel Studio\7.0\ArduinoSketchrfid\ArduinoSketchrfid\ArduinoCore\Debug\libArduinoCore.a(wiring_digital.o)
                0x0000014e                digital_pin_to_bit_mask_PGM
 .progmem.data.digital_pin_to_port_PGM
                0x00000194       0x46 C:\Users\Hp\Documents\Atmel Studio\7.0\ArduinoSketchrfid\ArduinoSketchrfid\ArduinoCore\Debug\libArduinoCore.a(wiring_digital.o)
                0x00000194                digital_pin_to_port_PGM
 .progmem.data.port_to_input_PGM
                0x000001da       0x1a C:\Users\Hp\Documents\Atmel Studio\7.0\ArduinoSketchrfid\ArduinoSketchrfid\ArduinoCore\Debug\libArduinoCore.a(wiring_digital.o)
                0x000001da                port_to_input_PGM
 .progmem.data.port_to_output_PGM
                0x000001f4       0x1a C:\Users\Hp\Documents\Atmel Studio\7.0\ArduinoSketchrfid\ArduinoSketchrfid\ArduinoCore\Debug\libArduinoCore.a(wiring_digital.o)
                0x000001f4                port_to_output_PGM
 .progmem.data.port_to_mode_PGM
                0x0000020e       0x1a C:\Users\Hp\Documents\Atmel Studio\7.0\ArduinoSketchrfid\ArduinoSketchrfid\ArduinoCore\Debug\libArduinoCore.a(wiring_digital.o)
                0x0000020e                port_to_mode_PGM
                0x00000228                . = ALIGN (0x2)
 *(.jumptables)
 *(.jumptables*)
 *(.lowtext)
 *(.lowtext*)
                0x00000228                __ctors_start = .
 *(.ctors)
 .ctors         0x00000228        0x2 Sketch.o
 .ctors         0x0000022a        0x2 C:\Users\Hp\Documents\Atmel Studio\7.0\ArduinoSketchrfid\ArduinoSketchrfid\ArduinoCore\Debug\libArduinoCore.a(HardwareSerial0.o)
                0x0000022c                __ctors_end = .
                0x0000022c                __dtors_start = .
 *(.dtors)
                0x0000022c                __dtors_end = .
 SORT(*)(.ctors)
 SORT(*)(.dtors)
 *(.init0)
 .init0         0x0000022c        0x0 C:/Program Files (x86)/Atmel/Studio/7.0/Packs/atmel/ATmega_DFP/1.2.209/gcc/dev/atmega2560/avr6/crtatmega2560.o
                0x0000022c                __init
 *(.init0)
 *(.init1)
 *(.init1)
 *(.init2)
 .init2         0x0000022c       0x10 C:/Program Files (x86)/Atmel/Studio/7.0/Packs/atmel/ATmega_DFP/1.2.209/gcc/dev/atmega2560/avr6/crtatmega2560.o
 *(.init2)
 *(.init3)
 *(.init3)
 *(.init4)
 .init4         0x0000023c       0x1a c:/program files (x86)/atmel/studio/7.0/toolchain/avr8/avr8-gnu-toolchain/bin/../lib/gcc/avr/5.4.0/avr6\libgcc.a(_copy_data.o)
                0x0000023c                __do_copy_data
 .init4         0x00000256       0x10 c:/program files (x86)/atmel/studio/7.0/toolchain/avr8/avr8-gnu-toolchain/bin/../lib/gcc/avr/5.4.0/avr6\libgcc.a(_clear_bss.o)
                0x00000256                __do_clear_bss
 *(.init4)
 *(.init5)
 *(.init5)
 *(.init6)
 .init6         0x00000266       0x20 c:/program files (x86)/atmel/studio/7.0/toolchain/avr8/avr8-gnu-toolchain/bin/../lib/gcc/avr/5.4.0/avr6\libgcc.a(_ctors.o)
                0x00000266                __do_global_ctors
 *(.init6)
 *(.init7)
 *(.init7)
 *(.init8)
 *(.init8)
 *(.init9)
 .init9         0x00000286        0x6 C:/Program Files (x86)/Atmel/Studio/7.0/Packs/atmel/ATmega_DFP/1.2.209/gcc/dev/atmega2560/avr6/crtatmega2560.o
 *(.init9)
 *(.text)
 .text          0x0000028c        0x2 C:/Program Files (x86)/Atmel/Studio/7.0/Packs/atmel/ATmega_DFP/1.2.209/gcc/dev/atmega2560/avr6/crtatmega2560.o
                0x0000028c                __vector_38
                0x0000028c                __vector_22
                0x0000028c                __vector_28
                0x0000028c                __vector_1
                0x0000028c                __vector_32
                0x0000028c                __vector_34
                0x0000028c                __vector_24
                0x0000028c                __vector_12
                0x0000028c                __vector_55
                0x0000028c                __vector_46
                0x0000028c                __bad_interrupt
                0x0000028c                __vector_6
                0x0000028c                __vector_31
                0x0000028c                __vector_35
                0x0000028c                __vector_39
                0x0000028c                __vector_3
                0x0000028c                __vector_30
                0x0000028c                __vector_45
                0x0000028c                __vector_11
                0x0000028c                __vector_54
                0x0000028c                __vector_13
                0x0000028c                __vector_17
                0x0000028c                __vector_19
                0x0000028c                __vector_56
                0x0000028c                __vector_7
                0x0000028c                __vector_49
                0x0000028c                __vector_41
                0x0000028c                __vector_43
                0x0000028c                __vector_27
                0x0000028c                __vector_5
                0x0000028c                __vector_33
                0x0000028c                __vector_47
                0x0000028c                __vector_52
                0x0000028c                __vector_37
                0x0000028c                __vector_4
                0x0000028c                __vector_44
                0x0000028c                __vector_51
                0x0000028c                __vector_9
                0x0000028c                __vector_2
                0x0000028c                __vector_21
                0x0000028c                __vector_15
                0x0000028c                __vector_36
                0x0000028c                __vector_29
                0x0000028c                __vector_40
                0x0000028c                __vector_8
                0x0000028c                __vector_48
                0x0000028c                __vector_14
                0x0000028c                __vector_53
                0x0000028c                __vector_10
                0x0000028c                __vector_50
                0x0000028c                __vector_16
                0x0000028c                __vector_18
                0x0000028c                __vector_20
                0x0000028c                __vector_42
                0x0000028e                . = ALIGN (0x2)
 *(.text.*)
 .text._ZNK6String9substringEj
                0x0000028e       0x16 Sketch.o
                0x0000028e                _ZNK6String9substringEj
 .text._Z10USART_Initv
                0x000002a4       0x20 Sketch.o
                0x000002a4                _Z10USART_Initv
 .text._Z14USART_Transmith
                0x000002c4        0xe Sketch.o
                0x000002c4                _Z14USART_Transmith
 .text._Z11Send_StringPc
                0x000002d2       0x16 Sketch.o
                0x000002d2                _Z11Send_StringPc
 .text.setup    0x000002e8       0x38 Sketch.o
                0x000002e8                setup
 .text.startup._GLOBAL__sub_I__Z10USART_Initv
                0x00000320        0xc Sketch.o
 .text.loop     0x0000032c      0x48e Sketch.o
                0x0000032c                loop
 .text._ZN14HardwareSerial9availableEv
                0x000007ba       0x18 C:\Users\Hp\Documents\Atmel Studio\7.0\ArduinoSketchrfid\ArduinoSketchrfid\ArduinoCore\Debug\libArduinoCore.a(HardwareSerial.o)
                0x000007ba                _ZN14HardwareSerial9availableEv
 .text._ZN14HardwareSerial4peekEv
                0x000007d2       0x1c C:\Users\Hp\Documents\Atmel Studio\7.0\ArduinoSketchrfid\ArduinoSketchrfid\ArduinoCore\Debug\libArduinoCore.a(HardwareSerial.o)
                0x000007d2                _ZN14HardwareSerial4peekEv
 .text._ZN14HardwareSerial4readEv
                0x000007ee       0x28 C:\Users\Hp\Documents\Atmel Studio\7.0\ArduinoSketchrfid\ArduinoSketchrfid\ArduinoCore\Debug\libArduinoCore.a(HardwareSerial.o)
                0x000007ee                _ZN14HardwareSerial4readEv
 .text._ZN14HardwareSerial17availableForWriteEv
                0x00000816       0x1e C:\Users\Hp\Documents\Atmel Studio\7.0\ArduinoSketchrfid\ArduinoSketchrfid\ArduinoCore\Debug\libArduinoCore.a(HardwareSerial.o)
                0x00000816                _ZN14HardwareSerial17availableForWriteEv
 .text._Z14serialEventRunv
                0x00000834       0x78 C:\Users\Hp\Documents\Atmel Studio\7.0\ArduinoSketchrfid\ArduinoSketchrfid\ArduinoCore\Debug\libArduinoCore.a(HardwareSerial.o)
                0x00000834                _Z14serialEventRunv
 .text._ZN14HardwareSerial17_tx_udr_empty_irqEv
                0x000008ac       0x44 C:\Users\Hp\Documents\Atmel Studio\7.0\ArduinoSketchrfid\ArduinoSketchrfid\ArduinoCore\Debug\libArduinoCore.a(HardwareSerial.o)
                0x000008ac                _ZN14HardwareSerial17_tx_udr_empty_irqEv
 .text._ZN14HardwareSerial5writeEh
                0x000008f0       0x98 C:\Users\Hp\Documents\Atmel Studio\7.0\ArduinoSketchrfid\ArduinoSketchrfid\ArduinoCore\Debug\libArduinoCore.a(HardwareSerial.o)
                0x000008f0                _ZN14HardwareSerial5writeEh
 .text._ZN14HardwareSerial5flushEv
                0x00000988       0x42 C:\Users\Hp\Documents\Atmel Studio\7.0\ArduinoSketchrfid\ArduinoSketchrfid\ArduinoCore\Debug\libArduinoCore.a(HardwareSerial.o)
                0x00000988                _ZN14HardwareSerial5flushEv
 .text._ZN14HardwareSerial5beginEmh
                0x000009ca       0xca C:\Users\Hp\Documents\Atmel Studio\7.0\ArduinoSketchrfid\ArduinoSketchrfid\ArduinoCore\Debug\libArduinoCore.a(HardwareSerial.o)
                0x000009ca                _ZN14HardwareSerial5beginEmh
 .text.__vector_25
                0x00000a94       0x6c C:\Users\Hp\Documents\Atmel Studio\7.0\ArduinoSketchrfid\ArduinoSketchrfid\ArduinoCore\Debug\libArduinoCore.a(HardwareSerial0.o)
                0x00000a94                __vector_25
 .text.__vector_26
                0x00000b00       0x52 C:\Users\Hp\Documents\Atmel Studio\7.0\ArduinoSketchrfid\ArduinoSketchrfid\ArduinoCore\Debug\libArduinoCore.a(HardwareSerial0.o)
                0x00000b00                __vector_26
 .text._Z17Serial0_availablev
                0x00000b52       0x12 C:\Users\Hp\Documents\Atmel Studio\7.0\ArduinoSketchrfid\ArduinoSketchrfid\ArduinoCore\Debug\libArduinoCore.a(HardwareSerial0.o)
                0x00000b52                _Z17Serial0_availablev
 .text.startup._GLOBAL__sub_I___vector_25
                0x00000b64       0x5a C:\Users\Hp\Documents\Atmel Studio\7.0\ArduinoSketchrfid\ArduinoSketchrfid\ArduinoCore\Debug\libArduinoCore.a(HardwareSerial0.o)
 .text.initVariant
                0x00000bbe        0x2 C:\Users\Hp\Documents\Atmel Studio\7.0\ArduinoSketchrfid\ArduinoSketchrfid\ArduinoCore\Debug\libArduinoCore.a(main.o)
                0x00000bbe                initVariant
 .text.startup.main
                0x00000bc0       0x14 C:\Users\Hp\Documents\Atmel Studio\7.0\ArduinoSketchrfid\ArduinoSketchrfid\ArduinoCore\Debug\libArduinoCore.a(main.o)
                0x00000bc0                main
 .text._ZN5Print5writeEPKhj
                0x00000bd4       0x54 C:\Users\Hp\Documents\Atmel Studio\7.0\ArduinoSketchrfid\ArduinoSketchrfid\ArduinoCore\Debug\libArduinoCore.a(Print.o)
                0x00000bd4                _ZN5Print5writeEPKhj
 .text._ZN5Print5writeEPKc
                0x00000c28       0x2a C:\Users\Hp\Documents\Atmel Studio\7.0\ArduinoSketchrfid\ArduinoSketchrfid\ArduinoCore\Debug\libArduinoCore.a(Print.o)
                0x00000c28                _ZN5Print5writeEPKc
 .text._ZN5Print5printEPKc
                0x00000c52        0x2 C:\Users\Hp\Documents\Atmel Studio\7.0\ArduinoSketchrfid\ArduinoSketchrfid\ArduinoCore\Debug\libArduinoCore.a(Print.o)
                0x00000c52                _ZN5Print5printEPKc
 .text._ZN5Print7printlnEv
                0x00000c54        0x6 C:\Users\Hp\Documents\Atmel Studio\7.0\ArduinoSketchrfid\ArduinoSketchrfid\ArduinoCore\Debug\libArduinoCore.a(Print.o)
                0x00000c54                _ZN5Print7printlnEv
 .text._ZN5Print7printlnEPKc
                0x00000c5a       0x20 C:\Users\Hp\Documents\Atmel Studio\7.0\ArduinoSketchrfid\ArduinoSketchrfid\ArduinoCore\Debug\libArduinoCore.a(Print.o)
                0x00000c5a                _ZN5Print7printlnEPKc
 .text._ZN5Print11printNumberEmh
                0x00000c7a       0x90 C:\Users\Hp\Documents\Atmel Studio\7.0\ArduinoSketchrfid\ArduinoSketchrfid\ArduinoCore\Debug\libArduinoCore.a(Print.o)
                0x00000c7a                _ZN5Print11printNumberEmh
 .text._ZN5Print5printEmi
                0x00000d0a       0x18 C:\Users\Hp\Documents\Atmel Studio\7.0\ArduinoSketchrfid\ArduinoSketchrfid\ArduinoCore\Debug\libArduinoCore.a(Print.o)
                0x00000d0a                _ZN5Print5printEmi
 .text._ZN5Print5printEhi
                0x00000d22        0xc C:\Users\Hp\Documents\Atmel Studio\7.0\ArduinoSketchrfid\ArduinoSketchrfid\ArduinoCore\Debug\libArduinoCore.a(Print.o)
                0x00000d22                _ZN5Print5printEhi
 .text.__vector_23
                0x00000d2e       0x94 C:\Users\Hp\Documents\Atmel Studio\7.0\ArduinoSketchrfid\ArduinoSketchrfid\ArduinoCore\Debug\libArduinoCore.a(wiring.o)
                0x00000d2e                __vector_23
 .text.micros   0x00000dc2       0x4a C:\Users\Hp\Documents\Atmel Studio\7.0\ArduinoSketchrfid\ArduinoSketchrfid\ArduinoCore\Debug\libArduinoCore.a(wiring.o)
                0x00000dc2                micros
 .text.delay    0x00000e0c       0x72 C:\Users\Hp\Documents\Atmel Studio\7.0\ArduinoSketchrfid\ArduinoSketchrfid\ArduinoCore\Debug\libArduinoCore.a(wiring.o)
                0x00000e0c                delay
 .text.delayMicroseconds
                0x00000e7e       0x16 C:\Users\Hp\Documents\Atmel Studio\7.0\ArduinoSketchrfid\ArduinoSketchrfid\ArduinoCore\Debug\libArduinoCore.a(wiring.o)
                0x00000e7e                delayMicroseconds
 .text.init     0x00000e94       0xc4 C:\Users\Hp\Documents\Atmel Studio\7.0\ArduinoSketchrfid\ArduinoSketchrfid\ArduinoCore\Debug\libArduinoCore.a(wiring.o)
                0x00000e94                init
 .text._ZN6StringD2Ev
                0x00000f58        0xa C:\Users\Hp\Documents\Atmel Studio\7.0\ArduinoSketchrfid\ArduinoSketchrfid\ArduinoCore\Debug\libArduinoCore.a(WString.o)
                0x00000f58                _ZN6StringD2Ev
                0x00000f58                _ZN6StringD1Ev
 .text._ZN6String10invalidateEv
                0x00000f62       0x22 C:\Users\Hp\Documents\Atmel Studio\7.0\ArduinoSketchrfid\ArduinoSketchrfid\ArduinoCore\Debug\libArduinoCore.a(WString.o)
                0x00000f62                _ZN6String10invalidateEv
 .text._ZN6String12changeBufferEj
                0x00000f84       0x34 C:\Users\Hp\Documents\Atmel Studio\7.0\ArduinoSketchrfid\ArduinoSketchrfid\ArduinoCore\Debug\libArduinoCore.a(WString.o)
                0x00000f84                _ZN6String12changeBufferEj
 .text._ZN6String7reserveEj
                0x00000fb8       0x36 C:\Users\Hp\Documents\Atmel Studio\7.0\ArduinoSketchrfid\ArduinoSketchrfid\ArduinoCore\Debug\libArduinoCore.a(WString.o)
                0x00000fb8                _ZN6String7reserveEj
 .text._ZN6String4copyEPKcj
                0x00000fee       0x3e C:\Users\Hp\Documents\Atmel Studio\7.0\ArduinoSketchrfid\ArduinoSketchrfid\ArduinoCore\Debug\libArduinoCore.a(WString.o)
                0x00000fee                _ZN6String4copyEPKcj
 .text._ZN6StringC2EPKc
                0x0000102c       0x28 C:\Users\Hp\Documents\Atmel Studio\7.0\ArduinoSketchrfid\ArduinoSketchrfid\ArduinoCore\Debug\libArduinoCore.a(WString.o)
                0x0000102c                _ZN6StringC2EPKc
                0x0000102c                _ZN6StringC1EPKc
 .text._ZN6StringaSEPKc
                0x00001054       0x2a C:\Users\Hp\Documents\Atmel Studio\7.0\ArduinoSketchrfid\ArduinoSketchrfid\ArduinoCore\Debug\libArduinoCore.a(WString.o)
                0x00001054                _ZN6StringaSEPKc
 .text._ZN6StringC2Ehh
                0x0000107e       0x58 C:\Users\Hp\Documents\Atmel Studio\7.0\ArduinoSketchrfid\ArduinoSketchrfid\ArduinoCore\Debug\libArduinoCore.a(WString.o)
                0x0000107e                _ZN6StringC2Ehh
                0x0000107e                _ZN6StringC1Ehh
 .text._ZN6String6concatEPKcj
                0x000010d6       0x5a C:\Users\Hp\Documents\Atmel Studio\7.0\ArduinoSketchrfid\ArduinoSketchrfid\ArduinoCore\Debug\libArduinoCore.a(WString.o)
                0x000010d6                _ZN6String6concatEPKcj
 .text._ZN6String6concatERKS_
                0x00001130        0xc C:\Users\Hp\Documents\Atmel Studio\7.0\ArduinoSketchrfid\ArduinoSketchrfid\ArduinoCore\Debug\libArduinoCore.a(WString.o)
                0x00001130                _ZN6String6concatERKS_
 .text._ZNK6String6equalsEPKc
                0x0000113c       0x3e C:\Users\Hp\Documents\Atmel Studio\7.0\ArduinoSketchrfid\ArduinoSketchrfid\ArduinoCore\Debug\libArduinoCore.a(WString.o)
                0x0000113c                _ZNK6String6equalsEPKc
 .text._ZNK6String9substringEjj
                0x0000117a       0x86 C:\Users\Hp\Documents\Atmel Studio\7.0\ArduinoSketchrfid\ArduinoSketchrfid\ArduinoCore\Debug\libArduinoCore.a(WString.o)
                0x0000117a                _ZNK6String9substringEjj
 .text._ZN6String11toUpperCaseEv
                0x00001200       0x24 C:\Users\Hp\Documents\Atmel Studio\7.0\ArduinoSketchrfid\ArduinoSketchrfid\ArduinoCore\Debug\libArduinoCore.a(WString.o)
                0x00001200                _ZN6String11toUpperCaseEv
 .text._ZN7MFRC52219PICC_ReadCardSerialEv
                0x00001224       0x20 C:\Users\Hp\Documents\Atmel Studio\7.0\ArduinoSketchrfid\ArduinoSketchrfid\ArduinoCore\Debug\libArduinoCore.a(MFRC522.o)
                0x00001224                _ZN7MFRC52219PICC_ReadCardSerialEv
 .text._ZN8SPIClass16beginTransactionE11SPISettings
                0x00001244       0x34 C:\Users\Hp\Documents\Atmel Studio\7.0\ArduinoSketchrfid\ArduinoSketchrfid\ArduinoCore\Debug\libArduinoCore.a(MFRC522.o)
                0x00001244                _ZN8SPIClass16beginTransactionE11SPISettings
 .text._ZN8SPIClass8transferEh
                0x00001278        0xe C:\Users\Hp\Documents\Atmel Studio\7.0\ArduinoSketchrfid\ArduinoSketchrfid\ArduinoCore\Debug\libArduinoCore.a(MFRC522.o)
                0x00001278                _ZN8SPIClass8transferEh
 .text._ZN8SPIClass14endTransactionEv
                0x00001286       0x22 C:\Users\Hp\Documents\Atmel Studio\7.0\ArduinoSketchrfid\ArduinoSketchrfid\ArduinoCore\Debug\libArduinoCore.a(MFRC522.o)
                0x00001286                _ZN8SPIClass14endTransactionEv
 .text._ZN7MFRC52216PCD_ReadRegisterENS_12PCD_RegisterEhPhh.part.1.constprop.8
                0x000012a8       0x9a C:\Users\Hp\Documents\Atmel Studio\7.0\ArduinoSketchrfid\ArduinoSketchrfid\ArduinoCore\Debug\libArduinoCore.a(MFRC522.o)
 .text._ZN7MFRC522C2Ehh
                0x00001342       0x10 C:\Users\Hp\Documents\Atmel Studio\7.0\ArduinoSketchrfid\ArduinoSketchrfid\ArduinoCore\Debug\libArduinoCore.a(MFRC522.o)
                0x00001342                _ZN7MFRC522C2Ehh
                0x00001342                _ZN7MFRC522C1Ehh
 .text._ZN7MFRC52217PCD_WriteRegisterENS_12PCD_RegisterEh
                0x00001352       0x32 C:\Users\Hp\Documents\Atmel Studio\7.0\ArduinoSketchrfid\ArduinoSketchrfid\ArduinoCore\Debug\libArduinoCore.a(MFRC522.o)
                0x00001352                _ZN7MFRC52217PCD_WriteRegisterENS_12PCD_RegisterEh
 .text._ZN7MFRC52217PCD_WriteRegisterENS_12PCD_RegisterEhPh
                0x00001384       0x5a C:\Users\Hp\Documents\Atmel Studio\7.0\ArduinoSketchrfid\ArduinoSketchrfid\ArduinoCore\Debug\libArduinoCore.a(MFRC522.o)
                0x00001384                _ZN7MFRC52217PCD_WriteRegisterENS_12PCD_RegisterEhPh
 .text._ZN7MFRC52216PCD_ReadRegisterENS_12PCD_RegisterE
                0x000013de       0x34 C:\Users\Hp\Documents\Atmel Studio\7.0\ArduinoSketchrfid\ArduinoSketchrfid\ArduinoCore\Debug\libArduinoCore.a(MFRC522.o)
                0x000013de                _ZN7MFRC52216PCD_ReadRegisterENS_12PCD_RegisterE
 .text._ZN7MFRC52216PCD_ReadRegisterENS_12PCD_RegisterEhPhh
                0x00001412        0xa C:\Users\Hp\Documents\Atmel Studio\7.0\ArduinoSketchrfid\ArduinoSketchrfid\ArduinoCore\Debug\libArduinoCore.a(MFRC522.o)
                0x00001412                _ZN7MFRC52216PCD_ReadRegisterENS_12PCD_RegisterEhPhh
 .text._ZN7MFRC52222PCD_SetRegisterBitMaskENS_12PCD_RegisterEh
                0x0000141c       0x22 C:\Users\Hp\Documents\Atmel Studio\7.0\ArduinoSketchrfid\ArduinoSketchrfid\ArduinoCore\Debug\libArduinoCore.a(MFRC522.o)
                0x0000141c                _ZN7MFRC52222PCD_SetRegisterBitMaskENS_12PCD_RegisterEh
 .text._ZN7MFRC52224PCD_ClearRegisterBitMaskENS_12PCD_RegisterEh
                0x0000143e       0x24 C:\Users\Hp\Documents\Atmel Studio\7.0\ArduinoSketchrfid\ArduinoSketchrfid\ArduinoCore\Debug\libArduinoCore.a(MFRC522.o)
                0x0000143e                _ZN7MFRC52224PCD_ClearRegisterBitMaskENS_12PCD_RegisterEh
 .text._ZN7MFRC52216PCD_CalculateCRCEPhhS0_
                0x00001462       0x88 C:\Users\Hp\Documents\Atmel Studio\7.0\ArduinoSketchrfid\ArduinoSketchrfid\ArduinoCore\Debug\libArduinoCore.a(MFRC522.o)
                0x00001462                _ZN7MFRC52216PCD_CalculateCRCEPhhS0_
 .text._ZN7MFRC5229PCD_ResetEv
                0x000014ea       0x30 C:\Users\Hp\Documents\Atmel Studio\7.0\ArduinoSketchrfid\ArduinoSketchrfid\ArduinoCore\Debug\libArduinoCore.a(MFRC522.o)
                0x000014ea                _ZN7MFRC5229PCD_ResetEv
 .text._ZN7MFRC52213PCD_AntennaOnEv
                0x0000151a       0x26 C:\Users\Hp\Documents\Atmel Studio\7.0\ArduinoSketchrfid\ArduinoSketchrfid\ArduinoCore\Debug\libArduinoCore.a(MFRC522.o)
                0x0000151a                _ZN7MFRC52213PCD_AntennaOnEv
 .text._ZN7MFRC5228PCD_InitEv
                0x00001540       0xa0 C:\Users\Hp\Documents\Atmel Studio\7.0\ArduinoSketchrfid\ArduinoSketchrfid\ArduinoCore\Debug\libArduinoCore.a(MFRC522.o)
                0x00001540                _ZN7MFRC5228PCD_InitEv
 .text._ZN7MFRC52223PCD_CommunicateWithPICCEhhPhhS0_S0_S0_hb
                0x000015e0      0x18e C:\Users\Hp\Documents\Atmel Studio\7.0\ArduinoSketchrfid\ArduinoSketchrfid\ArduinoCore\Debug\libArduinoCore.a(MFRC522.o)
                0x000015e0                _ZN7MFRC52223PCD_CommunicateWithPICCEhhPhhS0_S0_S0_hb
 .text._ZN7MFRC52218PCD_TransceiveDataEPhhS0_S0_S0_hb
                0x0000176e       0x3c C:\Users\Hp\Documents\Atmel Studio\7.0\ArduinoSketchrfid\ArduinoSketchrfid\ArduinoCore\Debug\libArduinoCore.a(MFRC522.o)
                0x0000176e                _ZN7MFRC52218PCD_TransceiveDataEPhhS0_S0_S0_hb
 .text._ZN7MFRC52211PICC_SelectEPNS_3UidEh
                0x000017aa      0x2fe C:\Users\Hp\Documents\Atmel Studio\7.0\ArduinoSketchrfid\ArduinoSketchrfid\ArduinoCore\Debug\libArduinoCore.a(MFRC522.o)
                0x000017aa                _ZN7MFRC52211PICC_SelectEPNS_3UidEh
 .text._ZN7MFRC52217PICC_REQA_or_WUPAEhPhS0_
                0x00001aa8       0x9e C:\Users\Hp\Documents\Atmel Studio\7.0\ArduinoSketchrfid\ArduinoSketchrfid\ArduinoCore\Debug\libArduinoCore.a(MFRC522.o)
                0x00001aa8                _ZN7MFRC52217PICC_REQA_or_WUPAEhPhS0_
 .text._ZN7MFRC52213PICC_RequestAEPhS0_
                0x00001b46        0x8 C:\Users\Hp\Documents\Atmel Studio\7.0\ArduinoSketchrfid\ArduinoSketchrfid\ArduinoCore\Debug\libArduinoCore.a(MFRC522.o)
                0x00001b46                _ZN7MFRC52213PICC_RequestAEPhS0_
 .text._ZN7MFRC52221PICC_IsNewCardPresentEv
                0x00001b4e       0x5a C:\Users\Hp\Documents\Atmel Studio\7.0\ArduinoSketchrfid\ArduinoSketchrfid\ArduinoCore\Debug\libArduinoCore.a(MFRC522.o)
                0x00001b4e                _ZN7MFRC52221PICC_IsNewCardPresentEv
 .text._ZN8SPIClass5beginEv
                0x00001ba8       0x64 C:\Users\Hp\Documents\Atmel Studio\7.0\ArduinoSketchrfid\ArduinoSketchrfid\ArduinoCore\Debug\libArduinoCore.a(SPI.o)
                0x00001ba8                _ZN8SPIClass5beginEv
 .text.__empty  0x00001c0c        0x2 C:\Users\Hp\Documents\Atmel Studio\7.0\ArduinoSketchrfid\ArduinoSketchrfid\ArduinoCore\Debug\libArduinoCore.a(hooks.o)
                0x00001c0c                yield
 .text.turnOffPWM
                0x00001c0e       0xaa C:\Users\Hp\Documents\Atmel Studio\7.0\ArduinoSketchrfid\ArduinoSketchrfid\ArduinoCore\Debug\libArduinoCore.a(wiring_digital.o)
 .text.pinMode  0x00001cb8       0x78 C:\Users\Hp\Documents\Atmel Studio\7.0\ArduinoSketchrfid\ArduinoSketchrfid\ArduinoCore\Debug\libArduinoCore.a(wiring_digital.o)
                0x00001cb8                pinMode
 .text.digitalWrite
                0x00001d30       0x5c C:\Users\Hp\Documents\Atmel Studio\7.0\ArduinoSketchrfid\ArduinoSketchrfid\ArduinoCore\Debug\libArduinoCore.a(wiring_digital.o)
                0x00001d30                digitalWrite
 .text.digitalRead
                0x00001d8c       0x50 C:\Users\Hp\Documents\Atmel Studio\7.0\ArduinoSketchrfid\ArduinoSketchrfid\ArduinoCore\Debug\libArduinoCore.a(wiring_digital.o)
                0x00001d8c                digitalRead
 .text.libgcc.div
                0x00001ddc       0x44 c:/program files (x86)/atmel/studio/7.0/toolchain/avr8/avr8-gnu-toolchain/bin/../lib/gcc/avr/5.4.0/avr6\libgcc.a(_udivmodsi4.o)
                0x00001ddc                __udivmodsi4
 .text.libgcc   0x00001e20       0x10 c:/program files (x86)/atmel/studio/7.0/toolchain/avr8/avr8-gnu-toolchain/bin/../lib/gcc/avr/5.4.0/avr6\libgcc.a(_tablejump2.o)
                0x00001e20                __tablejump2__
 .text.avr-libc
                0x00001e30      0x242 c:/program files (x86)/atmel/studio/7.0/toolchain/avr8/avr8-gnu-toolchain/bin/../lib/gcc/avr/5.4.0/../../../../avr/lib/avr6\libc.a(malloc.o)
                0x00001e30                malloc
                0x00001f60                free
 .text.avr-libc
                0x00002072      0x1c0 c:/program files (x86)/atmel/studio/7.0/toolchain/avr8/avr8-gnu-toolchain/bin/../lib/gcc/avr/5.4.0/../../../../avr/lib/avr6\libc.a(realloc.o)
                0x00002072                realloc
 .text.avr-libc
                0x00002232       0x10 c:/program files (x86)/atmel/studio/7.0/toolchain/avr8/avr8-gnu-toolchain/bin/../lib/gcc/avr/5.4.0/../../../../avr/lib/avr6\libc.a(toupper.o)
                0x00002232                toupper
 .text.avr-libc
                0x00002242       0x12 c:/program files (x86)/atmel/studio/7.0/toolchain/avr8/avr8-gnu-toolchain/bin/../lib/gcc/avr/5.4.0/../../../../avr/lib/avr6\libc.a(memcpy.o)
                0x00002242                memcpy
 .text.avr-libc
                0x00002254       0x12 c:/program files (x86)/atmel/studio/7.0/toolchain/avr8/avr8-gnu-toolchain/bin/../lib/gcc/avr/5.4.0/../../../../avr/lib/avr6\libc.a(strcmp.o)
                0x00002254                strcmp
 .text.avr-libc
                0x00002266        0xe c:/program files (x86)/atmel/studio/7.0/toolchain/avr8/avr8-gnu-toolchain/bin/../lib/gcc/avr/5.4.0/../../../../avr/lib/avr6\libc.a(strcpy.o)
                0x00002266                strcpy
 .text.avr-libc
                0x00002274       0x14 c:/program files (x86)/atmel/studio/7.0/toolchain/avr8/avr8-gnu-toolchain/bin/../lib/gcc/avr/5.4.0/../../../../avr/lib/avr6\libc.a(utoa.o)
                0x00002274                __utoa
                0x00002274                utoa
 .text.avr-libc
                0x00002288       0x32 c:/program files (x86)/atmel/studio/7.0/toolchain/avr8/avr8-gnu-toolchain/bin/../lib/gcc/avr/5.4.0/../../../../avr/lib/avr6\libc.a(utoa_ncheck.o)
                0x00002288                __utoa_ncheck
                0x0000228a                __utoa_common
 .text.avr-libc
                0x000022ba       0x20 c:/program files (x86)/atmel/studio/7.0/toolchain/avr8/avr8-gnu-toolchain/bin/../lib/gcc/avr/5.4.0/../../../../avr/lib/avr6\libc.a(strrev.o)
                0x000022ba                strrev
                0x000022da                . = ALIGN (0x2)
 *(.fini9)
 .fini9         0x000022da        0x0 c:/program files (x86)/atmel/studio/7.0/toolchain/avr8/avr8-gnu-toolchain/bin/../lib/gcc/avr/5.4.0/avr6\libgcc.a(_exit.o)
                0x000022da                _exit
                0x000022da                exit
 *(.fini9)
 *(.fini8)
 *(.fini8)
 *(.fini7)
 *(.fini7)
 *(.fini6)
 *(.fini6)
 *(.fini5)
 *(.fini5)
 *(.fini4)
 *(.fini4)
 *(.fini3)
 *(.fini3)
 *(.fini2)
 *(.fini2)
 *(.fini1)
 *(.fini1)
 *(.fini0)
 .fini0         0x000022da        0x4 c:/program files (x86)/atmel/studio/7.0/toolchain/avr8/avr8-gnu-toolchain/bin/../lib/gcc/avr/5.4.0/avr6\libgcc.a(_exit.o)
 *(.fini0)
                0x000022de                _etext = .

.data           0x00800200      0x170 load address 0x000022de
                0x00800200                PROVIDE (__data_start, .)
 *(.data)
 .data          0x00800200        0x6 c:/program files (x86)/atmel/studio/7.0/toolchain/avr8/avr8-gnu-toolchain/bin/../lib/gcc/avr/5.4.0/../../../../avr/lib/avr6\libc.a(malloc.o)
                0x00800200                __malloc_heap_end
                0x00800202                __malloc_heap_start
                0x00800204                __malloc_margin
 *(.data*)
 *(.gnu.linkonce.d*)
 *(.rodata)
 *(.rodata*)
 .rodata.str1.1
                0x00800206      0x142 Sketch.o
                                0x145 (size before relaxing)
 .rodata._ZTV14HardwareSerial
                0x00800348       0x12 C:\Users\Hp\Documents\Atmel Studio\7.0\ArduinoSketchrfid\ArduinoSketchrfid\ArduinoCore\Debug\libArduinoCore.a(HardwareSerial.o)
                0x00800348                _ZTV14HardwareSerial
 .rodata.str1.1
                0x0080035a        0xc C:\Users\Hp\Documents\Atmel Studio\7.0\ArduinoSketchrfid\ArduinoSketchrfid\ArduinoCore\Debug\libArduinoCore.a(Print.o)
                                  0xf (size before relaxing)
 .rodata.str1.1
                0x00800366        0x1 C:\Users\Hp\Documents\Atmel Studio\7.0\ArduinoSketchrfid\ArduinoSketchrfid\ArduinoCore\Debug\libArduinoCore.a(WString.o)
 .rodata._ZTV7MFRC522
                0x00800366        0xa C:\Users\Hp\Documents\Atmel Studio\7.0\ArduinoSketchrfid\ArduinoSketchrfid\ArduinoCore\Debug\libArduinoCore.a(MFRC522.o)
                0x00800366                _ZTV7MFRC522
 *(.gnu.linkonce.r*)
                0x00800370                . = ALIGN (0x2)
                0x00800370                _edata = .
                0x00800370                PROVIDE (__data_end, .)

.bss            0x00800370       0xbe
                0x00800370                PROVIDE (__bss_start, .)
 *(.bss)
 *(.bss*)
 .bss.mfrc522   0x00800370       0x10 Sketch.o
                0x00800370                mfrc522
 .bss.Serial    0x00800380       0x9d C:\Users\Hp\Documents\Atmel Studio\7.0\ArduinoSketchrfid\ArduinoSketchrfid\ArduinoCore\Debug\libArduinoCore.a(HardwareSerial0.o)
                0x00800380                Serial
 .bss.timer0_fract
                0x0080041d        0x1 C:\Users\Hp\Documents\Atmel Studio\7.0\ArduinoSketchrfid\ArduinoSketchrfid\ArduinoCore\Debug\libArduinoCore.a(wiring.o)
 .bss.timer0_millis
                0x0080041e        0x4 C:\Users\Hp\Documents\Atmel Studio\7.0\ArduinoSketchrfid\ArduinoSketchrfid\ArduinoCore\Debug\libArduinoCore.a(wiring.o)
                0x0080041e                timer0_millis
 .bss.timer0_overflow_count
                0x00800422        0x4 C:\Users\Hp\Documents\Atmel Studio\7.0\ArduinoSketchrfid\ArduinoSketchrfid\ArduinoCore\Debug\libArduinoCore.a(wiring.o)
                0x00800422                timer0_overflow_count
 .bss._ZN8SPIClass13interruptSaveE
                0x00800426        0x1 C:\Users\Hp\Documents\Atmel Studio\7.0\ArduinoSketchrfid\ArduinoSketchrfid\ArduinoCore\Debug\libArduinoCore.a(SPI.o)
                0x00800426                _ZN8SPIClass13interruptSaveE
 .bss._ZN8SPIClass13interruptMaskE
                0x00800427        0x1 C:\Users\Hp\Documents\Atmel Studio\7.0\ArduinoSketchrfid\ArduinoSketchrfid\ArduinoCore\Debug\libArduinoCore.a(SPI.o)
                0x00800427                _ZN8SPIClass13interruptMaskE
 .bss._ZN8SPIClass13interruptModeE
                0x00800428        0x1 C:\Users\Hp\Documents\Atmel Studio\7.0\ArduinoSketchrfid\ArduinoSketchrfid\ArduinoCore\Debug\libArduinoCore.a(SPI.o)
                0x00800428                _ZN8SPIClass13interruptModeE
 .bss._ZN8SPIClass11initializedE
                0x00800429        0x1 C:\Users\Hp\Documents\Atmel Studio\7.0\ArduinoSketchrfid\ArduinoSketchrfid\ArduinoCore\Debug\libArduinoCore.a(SPI.o)
                0x00800429                _ZN8SPIClass11initializedE
 *(COMMON)
 COMMON         0x0080042a        0x4 c:/program files (x86)/atmel/studio/7.0/toolchain/avr8/avr8-gnu-toolchain/bin/../lib/gcc/avr/5.4.0/../../../../avr/lib/avr6\libc.a(malloc.o)
                0x0080042a                __brkval
                0x0080042c                __flp
                0x0080042e                PROVIDE (__bss_end, .)
                0x000022de                __data_load_start = LOADADDR (.data)
                0x0000244e                __data_load_end = (__data_load_start + SIZEOF (.data))

.noinit         0x0080042e        0x0
                [!provide]                PROVIDE (__noinit_start, .)
 *(.noinit*)
                [!provide]                PROVIDE (__noinit_end, .)
                0x0080042e                _end = .
                0x0080042e                PROVIDE (__heap_start, .)

.eeprom         0x00810000        0x0
 *(.eeprom*)
                0x00810000                __eeprom_end = .

.fuse
 *(.fuse)
 *(.lfuse)
 *(.hfuse)
 *(.efuse)

.lock
 *(.lock*)

.signature
 *(.signature*)

.user_signatures
 *(.user_signatures*)

.stab
 *(.stab)

.stabstr
 *(.stabstr)

.stab.excl
 *(.stab.excl)

.stab.exclstr
 *(.stab.exclstr)

.stab.index
 *(.stab.index)

.stab.indexstr
 *(.stab.indexstr)

.comment        0x00000000       0x30
 *(.comment)
 .comment       0x00000000       0x30 Sketch.o
                                 0x31 (size before relaxing)
 .comment       0x00000030       0x31 C:\Users\Hp\Documents\Atmel Studio\7.0\ArduinoSketchrfid\ArduinoSketchrfid\ArduinoCore\Debug\libArduinoCore.a(HardwareSerial.o)
 .comment       0x00000030       0x31 C:\Users\Hp\Documents\Atmel Studio\7.0\ArduinoSketchrfid\ArduinoSketchrfid\ArduinoCore\Debug\libArduinoCore.a(HardwareSerial0.o)
 .comment       0x00000030       0x31 C:\Users\Hp\Documents\Atmel Studio\7.0\ArduinoSketchrfid\ArduinoSketchrfid\ArduinoCore\Debug\libArduinoCore.a(main.o)
 .comment       0x00000030       0x31 C:\Users\Hp\Documents\Atmel Studio\7.0\ArduinoSketchrfid\ArduinoSketchrfid\ArduinoCore\Debug\libArduinoCore.a(Print.o)
 .comment       0x00000030       0x31 C:\Users\Hp\Documents\Atmel Studio\7.0\ArduinoSketchrfid\ArduinoSketchrfid\ArduinoCore\Debug\libArduinoCore.a(wiring.o)
 .comment       0x00000030       0x31 C:\Users\Hp\Documents\Atmel Studio\7.0\ArduinoSketchrfid\ArduinoSketchrfid\ArduinoCore\Debug\libArduinoCore.a(WString.o)
 .comment       0x00000030       0x31 C:\Users\Hp\Documents\Atmel Studio\7.0\ArduinoSketchrfid\ArduinoSketchrfid\ArduinoCore\Debug\libArduinoCore.a(MFRC522.o)
 .comment       0x00000030       0x31 C:\Users\Hp\Documents\Atmel Studio\7.0\ArduinoSketchrfid\ArduinoSketchrfid\ArduinoCore\Debug\libArduinoCore.a(SPI.o)
 .comment       0x00000030       0x31 C:\Users\Hp\Documents\Atmel Studio\7.0\ArduinoSketchrfid\ArduinoSketchrfid\ArduinoCore\Debug\libArduinoCore.a(hooks.o)
 .comment       0x00000030       0x31 C:\Users\Hp\Documents\Atmel Studio\7.0\ArduinoSketchrfid\ArduinoSketchrfid\ArduinoCore\Debug\libArduinoCore.a(wiring_digital.o)
 .comment       0x00000030       0x31 c:/program files (x86)/atmel/studio/7.0/toolchain/avr8/avr8-gnu-toolchain/bin/../lib/gcc/avr/5.4.0/../../../../avr/lib/avr6\libc.a(malloc.o)
 .comment       0x00000030       0x31 c:/program files (x86)/atmel/studio/7.0/toolchain/avr8/avr8-gnu-toolchain/bin/../lib/gcc/avr/5.4.0/../../../../avr/lib/avr6\libc.a(realloc.o)

.note.gnu.avr.deviceinfo
                0x00000000       0x40
 .note.gnu.avr.deviceinfo
                0x00000000       0x40 C:/Program Files (x86)/Atmel/Studio/7.0/Packs/atmel/ATmega_DFP/1.2.209/gcc/dev/atmega2560/avr6/crtatmega2560.o

.note.gnu.build-id
 *(.note.gnu.build-id)

.debug
 *(.debug)

.line
 *(.line)

.debug_srcinfo
 *(.debug_srcinfo)

.debug_sfnames
 *(.debug_sfnames)

.debug_aranges  0x00000000      0x7d0
 *(.debug_aranges)
 .debug_aranges
                0x00000000       0x58 Sketch.o
 .debug_aranges
                0x00000058       0x68 C:\Users\Hp\Documents\Atmel Studio\7.0\ArduinoSketchrfid\ArduinoSketchrfid\ArduinoCore\Debug\libArduinoCore.a(HardwareSerial.o)
 .debug_aranges
                0x000000c0       0x48 C:\Users\Hp\Documents\Atmel Studio\7.0\ArduinoSketchrfid\ArduinoSketchrfid\ArduinoCore\Debug\libArduinoCore.a(HardwareSerial0.o)
 .debug_aranges
                0x00000108       0x30 C:\Users\Hp\Documents\Atmel Studio\7.0\ArduinoSketchrfid\ArduinoSketchrfid\ArduinoCore\Debug\libArduinoCore.a(main.o)
 .debug_aranges
                0x00000138      0x100 C:\Users\Hp\Documents\Atmel Studio\7.0\ArduinoSketchrfid\ArduinoSketchrfid\ArduinoCore\Debug\libArduinoCore.a(Print.o)
 .debug_aranges
                0x00000238       0x48 C:\Users\Hp\Documents\Atmel Studio\7.0\ArduinoSketchrfid\ArduinoSketchrfid\ArduinoCore\Debug\libArduinoCore.a(wiring.o)
 .debug_aranges
                0x00000280      0x2b8 C:\Users\Hp\Documents\Atmel Studio\7.0\ArduinoSketchrfid\ArduinoSketchrfid\ArduinoCore\Debug\libArduinoCore.a(WString.o)
 .debug_aranges
                0x00000538      0x208 C:\Users\Hp\Documents\Atmel Studio\7.0\ArduinoSketchrfid\ArduinoSketchrfid\ArduinoCore\Debug\libArduinoCore.a(MFRC522.o)
 .debug_aranges
                0x00000740       0x38 C:\Users\Hp\Documents\Atmel Studio\7.0\ArduinoSketchrfid\ArduinoSketchrfid\ArduinoCore\Debug\libArduinoCore.a(SPI.o)
 .debug_aranges
                0x00000778       0x20 C:\Users\Hp\Documents\Atmel Studio\7.0\ArduinoSketchrfid\ArduinoSketchrfid\ArduinoCore\Debug\libArduinoCore.a(hooks.o)
 .debug_aranges
                0x00000798       0x38 C:\Users\Hp\Documents\Atmel Studio\7.0\ArduinoSketchrfid\ArduinoSketchrfid\ArduinoCore\Debug\libArduinoCore.a(wiring_digital.o)

.debug_pubnames
 *(.debug_pubnames)

.debug_info     0x00000000    0x143f4
 *(.debug_info .gnu.linkonce.wi.*)
 .debug_info    0x00000000      0xbbc C:/Program Files (x86)/Atmel/Studio/7.0/Packs/atmel/ATmega_DFP/1.2.209/gcc/dev/atmega2560/avr6/crtatmega2560.o
 .debug_info    0x00000bbc     0x2743 Sketch.o
 .debug_info    0x000032ff     0x205e C:\Users\Hp\Documents\Atmel Studio\7.0\ArduinoSketchrfid\ArduinoSketchrfid\ArduinoCore\Debug\libArduinoCore.a(HardwareSerial.o)
 .debug_info    0x0000535d     0x1b74 C:\Users\Hp\Documents\Atmel Studio\7.0\ArduinoSketchrfid\ArduinoSketchrfid\ArduinoCore\Debug\libArduinoCore.a(HardwareSerial0.o)
 .debug_info    0x00006ed1      0x295 C:\Users\Hp\Documents\Atmel Studio\7.0\ArduinoSketchrfid\ArduinoSketchrfid\ArduinoCore\Debug\libArduinoCore.a(main.o)
 .debug_info    0x00007166     0x295d C:\Users\Hp\Documents\Atmel Studio\7.0\ArduinoSketchrfid\ArduinoSketchrfid\ArduinoCore\Debug\libArduinoCore.a(Print.o)
 .debug_info    0x00009ac3      0x329 C:\Users\Hp\Documents\Atmel Studio\7.0\ArduinoSketchrfid\ArduinoSketchrfid\ArduinoCore\Debug\libArduinoCore.a(wiring.o)
 .debug_info    0x00009dec     0x4338 C:\Users\Hp\Documents\Atmel Studio\7.0\ArduinoSketchrfid\ArduinoSketchrfid\ArduinoCore\Debug\libArduinoCore.a(WString.o)
 .debug_info    0x0000e124     0x558b C:\Users\Hp\Documents\Atmel Studio\7.0\ArduinoSketchrfid\ArduinoSketchrfid\ArduinoCore\Debug\libArduinoCore.a(MFRC522.o)
 .debug_info    0x000136af      0x6cd C:\Users\Hp\Documents\Atmel Studio\7.0\ArduinoSketchrfid\ArduinoSketchrfid\ArduinoCore\Debug\libArduinoCore.a(SPI.o)
 .debug_info    0x00013d7c       0x3e C:\Users\Hp\Documents\Atmel Studio\7.0\ArduinoSketchrfid\ArduinoSketchrfid\ArduinoCore\Debug\libArduinoCore.a(hooks.o)
 .debug_info    0x00013dba      0x63a C:\Users\Hp\Documents\Atmel Studio\7.0\ArduinoSketchrfid\ArduinoSketchrfid\ArduinoCore\Debug\libArduinoCore.a(wiring_digital.o)

.debug_abbrev   0x00000000     0x2f29
 *(.debug_abbrev)
 .debug_abbrev  0x00000000      0xb1a C:/Program Files (x86)/Atmel/Studio/7.0/Packs/atmel/ATmega_DFP/1.2.209/gcc/dev/atmega2560/avr6/crtatmega2560.o
 .debug_abbrev  0x00000b1a      0x57d Sketch.o
 .debug_abbrev  0x00001097      0x4b7 C:\Users\Hp\Documents\Atmel Studio\7.0\ArduinoSketchrfid\ArduinoSketchrfid\ArduinoCore\Debug\libArduinoCore.a(HardwareSerial.o)
 .debug_abbrev  0x0000154e      0x3ce C:\Users\Hp\Documents\Atmel Studio\7.0\ArduinoSketchrfid\ArduinoSketchrfid\ArduinoCore\Debug\libArduinoCore.a(HardwareSerial0.o)
 .debug_abbrev  0x0000191c      0x12d C:\Users\Hp\Documents\Atmel Studio\7.0\ArduinoSketchrfid\ArduinoSketchrfid\ArduinoCore\Debug\libArduinoCore.a(main.o)
 .debug_abbrev  0x00001a49      0x47a C:\Users\Hp\Documents\Atmel Studio\7.0\ArduinoSketchrfid\ArduinoSketchrfid\ArduinoCore\Debug\libArduinoCore.a(Print.o)
 .debug_abbrev  0x00001ec3      0x146 C:\Users\Hp\Documents\Atmel Studio\7.0\ArduinoSketchrfid\ArduinoSketchrfid\ArduinoCore\Debug\libArduinoCore.a(wiring.o)
 .debug_abbrev  0x00002009      0x4c2 C:\Users\Hp\Documents\Atmel Studio\7.0\ArduinoSketchrfid\ArduinoSketchrfid\ArduinoCore\Debug\libArduinoCore.a(WString.o)
 .debug_abbrev  0x000024cb      0x657 C:\Users\Hp\Documents\Atmel Studio\7.0\ArduinoSketchrfid\ArduinoSketchrfid\ArduinoCore\Debug\libArduinoCore.a(MFRC522.o)
 .debug_abbrev  0x00002b22      0x283 C:\Users\Hp\Documents\Atmel Studio\7.0\ArduinoSketchrfid\ArduinoSketchrfid\ArduinoCore\Debug\libArduinoCore.a(SPI.o)
 .debug_abbrev  0x00002da5       0x2a C:\Users\Hp\Documents\Atmel Studio\7.0\ArduinoSketchrfid\ArduinoSketchrfid\ArduinoCore\Debug\libArduinoCore.a(hooks.o)
 .debug_abbrev  0x00002dcf      0x15a C:\Users\Hp\Documents\Atmel Studio\7.0\ArduinoSketchrfid\ArduinoSketchrfid\ArduinoCore\Debug\libArduinoCore.a(wiring_digital.o)

.debug_line     0x00000000     0x4c56
 *(.debug_line .debug_line.* .debug_line_end)
 .debug_line    0x00000000      0x1f9 C:/Program Files (x86)/Atmel/Studio/7.0/Packs/atmel/ATmega_DFP/1.2.209/gcc/dev/atmega2560/avr6/crtatmega2560.o
 .debug_line    0x000001f9      0x6b3 Sketch.o
 .debug_line    0x000008ac      0x527 C:\Users\Hp\Documents\Atmel Studio\7.0\ArduinoSketchrfid\ArduinoSketchrfid\ArduinoCore\Debug\libArduinoCore.a(HardwareSerial.o)
 .debug_line    0x00000dd3      0x288 C:\Users\Hp\Documents\Atmel Studio\7.0\ArduinoSketchrfid\ArduinoSketchrfid\ArduinoCore\Debug\libArduinoCore.a(HardwareSerial0.o)
 .debug_line    0x0000105b      0x161 C:\Users\Hp\Documents\Atmel Studio\7.0\ArduinoSketchrfid\ArduinoSketchrfid\ArduinoCore\Debug\libArduinoCore.a(main.o)
 .debug_line    0x000011bc      0x681 C:\Users\Hp\Documents\Atmel Studio\7.0\ArduinoSketchrfid\ArduinoSketchrfid\ArduinoCore\Debug\libArduinoCore.a(Print.o)
 .debug_line    0x0000183d      0x2cb C:\Users\Hp\Documents\Atmel Studio\7.0\ArduinoSketchrfid\ArduinoSketchrfid\ArduinoCore\Debug\libArduinoCore.a(wiring.o)
 .debug_line    0x00001b08     0x1355 C:\Users\Hp\Documents\Atmel Studio\7.0\ArduinoSketchrfid\ArduinoSketchrfid\ArduinoCore\Debug\libArduinoCore.a(WString.o)
 .debug_line    0x00002e5d     0x1849 C:\Users\Hp\Documents\Atmel Studio\7.0\ArduinoSketchrfid\ArduinoSketchrfid\ArduinoCore\Debug\libArduinoCore.a(MFRC522.o)
 .debug_line    0x000046a6      0x2eb C:\Users\Hp\Documents\Atmel Studio\7.0\ArduinoSketchrfid\ArduinoSketchrfid\ArduinoCore\Debug\libArduinoCore.a(SPI.o)
 .debug_line    0x00004991       0x41 C:\Users\Hp\Documents\Atmel Studio\7.0\ArduinoSketchrfid\ArduinoSketchrfid\ArduinoCore\Debug\libArduinoCore.a(hooks.o)
 .debug_line    0x000049d2      0x284 C:\Users\Hp\Documents\Atmel Studio\7.0\ArduinoSketchrfid\ArduinoSketchrfid\ArduinoCore\Debug\libArduinoCore.a(wiring_digital.o)

.debug_frame    0x00000000     0x1da0
 *(.debug_frame)
 .debug_frame   0x00000000       0xd0 Sketch.o
 .debug_frame   0x000000d0      0x110 C:\Users\Hp\Documents\Atmel Studio\7.0\ArduinoSketchrfid\ArduinoSketchrfid\ArduinoCore\Debug\libArduinoCore.a(HardwareSerial.o)
 .debug_frame   0x000001e0       0xe0 C:\Users\Hp\Documents\Atmel Studio\7.0\ArduinoSketchrfid\ArduinoSketchrfid\ArduinoCore\Debug\libArduinoCore.a(HardwareSerial0.o)
 .debug_frame   0x000002c0       0x54 C:\Users\Hp\Documents\Atmel Studio\7.0\ArduinoSketchrfid\ArduinoSketchrfid\ArduinoCore\Debug\libArduinoCore.a(main.o)
 .debug_frame   0x00000314      0x3ac C:\Users\Hp\Documents\Atmel Studio\7.0\ArduinoSketchrfid\ArduinoSketchrfid\ArduinoCore\Debug\libArduinoCore.a(Print.o)
 .debug_frame   0x000006c0       0xc4 C:\Users\Hp\Documents\Atmel Studio\7.0\ArduinoSketchrfid\ArduinoSketchrfid\ArduinoCore\Debug\libArduinoCore.a(wiring.o)
 .debug_frame   0x00000784      0xa60 C:\Users\Hp\Documents\Atmel Studio\7.0\ArduinoSketchrfid\ArduinoSketchrfid\ArduinoCore\Debug\libArduinoCore.a(WString.o)
 .debug_frame   0x000011e4      0xac0 C:\Users\Hp\Documents\Atmel Studio\7.0\ArduinoSketchrfid\ArduinoSketchrfid\ArduinoCore\Debug\libArduinoCore.a(MFRC522.o)
 .debug_frame   0x00001ca4       0x5c C:\Users\Hp\Documents\Atmel Studio\7.0\ArduinoSketchrfid\ArduinoSketchrfid\ArduinoCore\Debug\libArduinoCore.a(SPI.o)
 .debug_frame   0x00001d00       0x24 C:\Users\Hp\Documents\Atmel Studio\7.0\ArduinoSketchrfid\ArduinoSketchrfid\ArduinoCore\Debug\libArduinoCore.a(hooks.o)
 .debug_frame   0x00001d24       0x7c C:\Users\Hp\Documents\Atmel Studio\7.0\ArduinoSketchrfid\ArduinoSketchrfid\ArduinoCore\Debug\libArduinoCore.a(wiring_digital.o)

.debug_str      0x00000000     0x40e6
 *(.debug_str)
 .debug_str     0x00000000      0x3e6 C:/Program Files (x86)/Atmel/Studio/7.0/Packs/atmel/ATmega_DFP/1.2.209/gcc/dev/atmega2560/avr6/crtatmega2560.o
 .debug_str     0x000003e6     0x13d2 Sketch.o
                               0x1499 (size before relaxing)
 .debug_str     0x000017b8      0x8ed C:\Users\Hp\Documents\Atmel Studio\7.0\ArduinoSketchrfid\ArduinoSketchrfid\ArduinoCore\Debug\libArduinoCore.a(HardwareSerial.o)
                               0x16fd (size before relaxing)
 .debug_str     0x000020a5       0x86 C:\Users\Hp\Documents\Atmel Studio\7.0\ArduinoSketchrfid\ArduinoSketchrfid\ArduinoCore\Debug\libArduinoCore.a(HardwareSerial0.o)
                               0x1418 (size before relaxing)
 .debug_str     0x0000212b       0x37 C:\Users\Hp\Documents\Atmel Studio\7.0\ArduinoSketchrfid\ArduinoSketchrfid\ArduinoCore\Debug\libArduinoCore.a(main.o)
                                0x2c4 (size before relaxing)
 .debug_str     0x00002162      0x38d C:\Users\Hp\Documents\Atmel Studio\7.0\ArduinoSketchrfid\ArduinoSketchrfid\ArduinoCore\Debug\libArduinoCore.a(Print.o)
                               0x1252 (size before relaxing)
 .debug_str     0x000024ef      0x15b C:\Users\Hp\Documents\Atmel Studio\7.0\ArduinoSketchrfid\ArduinoSketchrfid\ArduinoCore\Debug\libArduinoCore.a(wiring.o)
                                0x25a (size before relaxing)
 .debug_str     0x0000264a      0x403 C:\Users\Hp\Documents\Atmel Studio\7.0\ArduinoSketchrfid\ArduinoSketchrfid\ArduinoCore\Debug\libArduinoCore.a(WString.o)
                               0x11a5 (size before relaxing)
 .debug_str     0x00002a4d     0x1523 C:\Users\Hp\Documents\Atmel Studio\7.0\ArduinoSketchrfid\ArduinoSketchrfid\ArduinoCore\Debug\libArduinoCore.a(MFRC522.o)
                               0x1e18 (size before relaxing)
 .debug_str     0x00003f70       0xe9 C:\Users\Hp\Documents\Atmel Studio\7.0\ArduinoSketchrfid\ArduinoSketchrfid\ArduinoCore\Debug\libArduinoCore.a(SPI.o)
                                0x6bd (size before relaxing)
 .debug_str     0x00004059       0x1c C:\Users\Hp\Documents\Atmel Studio\7.0\ArduinoSketchrfid\ArduinoSketchrfid\ArduinoCore\Debug\libArduinoCore.a(hooks.o)
                                0x14f (size before relaxing)
 .debug_str     0x00004075       0x71 C:\Users\Hp\Documents\Atmel Studio\7.0\ArduinoSketchrfid\ArduinoSketchrfid\ArduinoCore\Debug\libArduinoCore.a(wiring_digital.o)
                                0x2bf (size before relaxing)

.debug_loc      0x00000000     0xc50f
 *(.debug_loc)
 .debug_loc     0x00000000      0x88e Sketch.o
 .debug_loc     0x0000088e      0x4dc C:\Users\Hp\Documents\Atmel Studio\7.0\ArduinoSketchrfid\ArduinoSketchrfid\ArduinoCore\Debug\libArduinoCore.a(HardwareSerial.o)
 .debug_loc     0x00000d6a      0x1b0 C:\Users\Hp\Documents\Atmel Studio\7.0\ArduinoSketchrfid\ArduinoSketchrfid\ArduinoCore\Debug\libArduinoCore.a(HardwareSerial0.o)
 .debug_loc     0x00000f1a     0x1c87 C:\Users\Hp\Documents\Atmel Studio\7.0\ArduinoSketchrfid\ArduinoSketchrfid\ArduinoCore\Debug\libArduinoCore.a(Print.o)
 .debug_loc     0x00002ba1      0x28d C:\Users\Hp\Documents\Atmel Studio\7.0\ArduinoSketchrfid\ArduinoSketchrfid\ArduinoCore\Debug\libArduinoCore.a(wiring.o)
 .debug_loc     0x00002e2e     0x422d C:\Users\Hp\Documents\Atmel Studio\7.0\ArduinoSketchrfid\ArduinoSketchrfid\ArduinoCore\Debug\libArduinoCore.a(WString.o)
 .debug_loc     0x0000705b     0x4d59 C:\Users\Hp\Documents\Atmel Studio\7.0\ArduinoSketchrfid\ArduinoSketchrfid\ArduinoCore\Debug\libArduinoCore.a(MFRC522.o)
 .debug_loc     0x0000bdb4      0x1f0 C:\Users\Hp\Documents\Atmel Studio\7.0\ArduinoSketchrfid\ArduinoSketchrfid\ArduinoCore\Debug\libArduinoCore.a(SPI.o)
 .debug_loc     0x0000bfa4      0x56b C:\Users\Hp\Documents\Atmel Studio\7.0\ArduinoSketchrfid\ArduinoSketchrfid\ArduinoCore\Debug\libArduinoCore.a(wiring_digital.o)

.debug_macinfo
 *(.debug_macinfo)

.debug_weaknames
 *(.debug_weaknames)

.debug_funcnames
 *(.debug_funcnames)

.debug_typenames
 *(.debug_typenames)

.debug_varnames
 *(.debug_varnames)

.debug_pubtypes
 *(.debug_pubtypes)

.debug_ranges   0x00000000      0x850
 *(.debug_ranges)
 .debug_ranges  0x00000000       0x48 Sketch.o
 .debug_ranges  0x00000048       0x58 C:\Users\Hp\Documents\Atmel Studio\7.0\ArduinoSketchrfid\ArduinoSketchrfid\ArduinoCore\Debug\libArduinoCore.a(HardwareSerial.o)
 .debug_ranges  0x000000a0       0x38 C:\Users\Hp\Documents\Atmel Studio\7.0\ArduinoSketchrfid\ArduinoSketchrfid\ArduinoCore\Debug\libArduinoCore.a(HardwareSerial0.o)
 .debug_ranges  0x000000d8       0x20 C:\Users\Hp\Documents\Atmel Studio\7.0\ArduinoSketchrfid\ArduinoSketchrfid\ArduinoCore\Debug\libArduinoCore.a(main.o)
 .debug_ranges  0x000000f8      0x120 C:\Users\Hp\Documents\Atmel Studio\7.0\ArduinoSketchrfid\ArduinoSketchrfid\ArduinoCore\Debug\libArduinoCore.a(Print.o)
 .debug_ranges  0x00000218       0x38 C:\Users\Hp\Documents\Atmel Studio\7.0\ArduinoSketchrfid\ArduinoSketchrfid\ArduinoCore\Debug\libArduinoCore.a(wiring.o)
 .debug_ranges  0x00000250      0x2f8 C:\Users\Hp\Documents\Atmel Studio\7.0\ArduinoSketchrfid\ArduinoSketchrfid\ArduinoCore\Debug\libArduinoCore.a(WString.o)
 .debug_ranges  0x00000548      0x2a8 C:\Users\Hp\Documents\Atmel Studio\7.0\ArduinoSketchrfid\ArduinoSketchrfid\ArduinoCore\Debug\libArduinoCore.a(MFRC522.o)
 .debug_ranges  0x000007f0       0x28 C:\Users\Hp\Documents\Atmel Studio\7.0\ArduinoSketchrfid\ArduinoSketchrfid\ArduinoCore\Debug\libArduinoCore.a(SPI.o)
 .debug_ranges  0x00000818       0x10 C:\Users\Hp\Documents\Atmel Studio\7.0\ArduinoSketchrfid\ArduinoSketchrfid\ArduinoCore\Debug\libArduinoCore.a(hooks.o)
 .debug_ranges  0x00000828       0x28 C:\Users\Hp\Documents\Atmel Studio\7.0\ArduinoSketchrfid\ArduinoSketchrfid\ArduinoCore\Debug\libArduinoCore.a(wiring_digital.o)

.debug_macro
 *(.debug_macro)
OUTPUT(rfidarduino.elf elf32-avr)
LOAD linker stubs
